<html>
<body>
<pre>
<h1>µVision Build Log</h1>
<h2>Tool Versions:</h2>
IDE-Version: ¦ÌVision V5.21.1.0
Copyright (C) 2016 ARM Ltd and ARM Germany GmbH. All rights reserved.
License Information: alvinmi alvinmi, alvinmi, LIC=76FX7-EAHXI-WE5H7-EH8ZH-K8DH3-T2FM1
 
Tool Versions:
Toolchain:       MDK-ARM Plus  Version: 5.21a
Toolchain Path:  C:\Keil_v5\ARM\ARMCC\Bin
C Compiler:      Armcc.exe V5.06 update 3 (build 300)
Assembler:       Armasm.exe V5.06 update 3 (build 300)
Linker/Locator:  ArmLink.exe V5.06 update 3 (build 300)
Library Manager: ArmAr.exe V5.06 update 3 (build 300)
Hex Converter:   FromElf.exe V5.06 update 3 (build 300)
CPU DLL:         SARMCM3.DLL V5.21a
Dialog DLL:      DCM.DLL V1.13.8.0
Target DLL:      Segger\JL2CM3.dll V2.99.23.0
Dialog DLL:      TCM.DLL V1.14.14.0
 
<h2>Project:</h2>
E:\2_Store\Printer\Printer_Debug\STM32F103C8_debug\Proj_one\Print_solf\Printer_solf v1.0.uvprojx
Project File Date:  09/29/2017

<h2>Output:</h2>
*** Using Compiler 'V5.06 update 3 (build 300)', folder: 'C:\Keil_v5\ARM\ARMCC\Bin'
Build target 'Print_solfv1.0'
compiling epson_m150ii.c...
USER\epson_m150\epson_m150ii.c(262): warning:  #177-D: variable "i" was declared but never referenced
  	int x, y, i = 0, maxlen;
USER\epson_m150\epson_m150ii.c(262): warning:  #177-D: variable "maxlen" was declared but never referenced
  	int x, y, i = 0, maxlen;
USER\epson_m150\epson_m150ii.c(263): warning:  #177-D: variable "len_obtain" was declared but never referenced
  	int len_obtain = 9; int len_line = 12;	// len_obtain ??È¡???ý¾Ý³¤¶?(?ù¾?)
USER\epson_m150\epson_m150ii.c(263): warning:  #177-D: variable "len_line" was declared but never referenced
  	int len_obtain = 9; int len_line = 12;	// len_obtain ??È¡???ý¾Ý³¤¶?(?ù¾?)
USER\epson_m150\epson_m150ii.c: 4 warnings, 0 errors
linking...
Program Size: Code=4552 RO-data=1124 RW-data=56 ZI-data=2032  
".\Objects\Printer_solf v1.0" - 0 Error(s), 4 Warning(s).

<h2>Collection of Component include folders:</h2>
  E:\2_Store\Printer\Printer_Debug\STM32F103C8_debug\Proj_one\Print_solf\RTE
  C:\Keil_v5\ARM\PACK\Keil\STM32F1xx_DFP\2.2.0\Device\Include

<h2>Collection of Component Files used:</h2>
Build Time Elapsed:  00:00:02
</pre>
</body>
</html>
